RAM Allocation [bytes]
Variable                                                                          Address   Size
------------------------------------------------------------------------------------------------
k                                                                                 0x037A       4
head_onoff                                                                        0x037E       2
Temp_LED                                                                          0x0380       2
Hum_LED                                                                           0x0382       2
Lux_LED                                                                           0x0384       2
Red                                                                               0x0386       2
Blue                                                                              0x0388       2
Green                                                                             0x038A       2
turn                                                                              0x038C       2
blue_delay                                                                        0x038E       2
red_delay                                                                         0x0390       2
buff_counter                                                                      0x0392       4
rec_buff                                                                          0x0396     870
val                                                                               0x06FC      16
VAR_1                                                                             0x070C       7
VAR_2                                                                             0x0713       7
VAR_3                                                                             0x071A       7
VAR_4                                                                             0x0721       7
VAR_5                                                                             0x0728       7
VAR_6                                                                             0x072F       7
VAR_7                                                                             0x0736       7
VAR_8                                                                             0x073D       7
_SERVER_                                                                          0x0744      20
_APN_                                                                             0x0758      20
_HOST_                                                                            0x076C      20
_PAGEADDRESS_                                                                     0x0780      50
_SUCCESSSIGN_                                                                     0x07B2      20
G_Lum                                                                             0x07C6       2
G_Temp                                                                            0x07C8       2
G_Mois                                                                            0x07CA       2
first_time                                                                        0x07CC       1
_seed                                                                             0x07CD       4

EEPROM Allocation [bytes]
Variable                                                                          Address   Size
------------------------------------------------------------------------------------------------

Register Allocation
Variable                                                                          Register  Size
------------------------------------------------------------------------------------------------
LED_Disp_show                                                                     R4,R5        2
wait                                                                              R6,R7        2
success                                                                           R8,R9        2
success1                                                                          R10,R11      2
counter_5ms                                                                       R12,R13      2

FLASH Allocation [words]
Function                                                                          Address   Size
------------------------------------------------------------------------------------------------
read_adc                                                                          0x0022E     14
LED_Disp                                                                          0x0023C    132
LED_Disp_clear                                                                    0x002C0     14
moisture                                                                          0x002CE     16
temperature                                                                       0x002DE      5
battery_voltage                                                                   0x002E3     18
luminosity                                                                        0x002F5     33
ext_int1_isr                                                                      0x00316    210
usart_rx_isr                                                                      0x003E8     75
timer0_ovf_isr                                                                    0x00433     72
timer2_ovf_isr                                                                    0x0047B    304
main                                                                              0x005AB    126
make_hex                                                                          0x00629     24
make_dec                                                                          0x00641     18
WriteRTCByte                                                                      0x00653      7
ReadRTCByte                                                                       0x0065A     15
getRTCData                                                                        0x00669     17
setDateTime                                                                       0x0067A     53
minute                                                                            0x006AF      7
emp_str                                                                           0x006B6     20
clear_rec_buff                                                                    0x006FB     10
at_command                                                                        0x00705     22
ctrl_z                                                                            0x0071B     19
sim800_init                                                                       0x0072E     50
socket_init                                                                       0x0076C    131
open_socket                                                                       0x007EF     66
socket_send_data                                                                  0x00831     62
close_socket                                                                      0x008DC      9
gprs_dis                                                                          0x008E5     11
post_data                                                                         0x008F0    212
sim800_off                                                                        0x009DC     24
signal_q                                                                          0x009F4     91
get_server_time                                                                   0x00A4F    219
lm75_set_temp_G100                                                                0x00B2A     17
lm75_init                                                                         0x00B3B     27
lm75_temperature_10                                                               0x00B56     37
atoi                                                                              0x00B7B     55
strlen                                                                            0x00BB2     12
strlenf                                                                           0x00BBE     13
strstr                                                                            0x00BCB     23
putchar                                                                           0x00BE2      7
put_usart_G103                                                                    0x00BE9     10
put_buff_G103                                                                     0x00BF3     56
_print_G103                                                                       0x00C2B    308
sprintf                                                                           0x00D5F     46
printf                                                                            0x00D8D     31
sleep_enable                                                                      0x00DAC      4
sleep_disable                                                                     0x00DB0      4
idle                                                                              0x00DB4      8
isdigit                                                                           0x00DBC      9
isspace                                                                           0x00DC5     11
